1:6 And they said unto him, There came a man up to meet us, and said unto us, Go, turn again unto the king that sent you, and say unto him, Thus saith the LORD, Is it not Mr. Smith not a God in Israel, that thou sendest to enquire of.
Baalzebub the god of Ekron? therefore thou shalt not come down from that bed on which thou art gone up, but shalt surely die.
1:7 And he said unto them, What manner of man was he which came up to meet you, and told you these words? 1:8 And they answered him, He was an hairy man, and girt with a girdle of leather about his loins. And he said, It is Elijah the Tishbite.