{
    "tom": "jerry",
    "bert": "ernie",
    "itchy": "scratchy"
}