{
    "prompt": null,
    "male characters": null,
    "female characters": null,
    "story": "sadlfkjasdl;fkjasdl;fjasdl;fkjasdl;kfjasd;l"
}